// Jest Snapshot v1, https://goo.gl/fbAQLP

exports[`Answer should match the snapshot with all data passed in correctly 1`] = `
<div
  className="answer"
>
  <button
    className="next-question"
    onClick={[MockFunction]}
  >
    Submit answer & show next Question
  </button>
  <p
    className="correct"
  >
    THAT'S CORRECT!
  </p>
</div>
`;
