// Jest Snapshot v1, https://goo.gl/fbAQLP

exports[`App should match the snapshot with all data passed in correctly 1`] = `
<main
  className="App"
>
  <h1
    className="header"
  >
    Welcome to Study Time
  </h1>
  <Nav
    resetHandler={[Function]}
    score={0}
  />
  <Display
    answeredQuestions={Array []}
    prototypes={Array []}
    updateAnswersHandler={[Function]}
  />
</main>
`;
