// Jest Snapshot v1, https://goo.gl/fbAQLP

exports[`Question should match the snapshot with all data passed in correctly 1`] = `
<div
  className="question"
>
  <p
    className="num-guess"
  >
    Number of guesses so far:
    <span
      className="count"
    >
        
      0
    </span>
  </p>
  <p
    className="definition"
  >
    hello
  </p>
  <input
    className="user-input"
    onBlur={[Function]}
    onChange={[Function]}
    onFocus={[Function]}
    placeholder="ENTER YOUR ANSWER HERE"
    type="text"
    value=""
  />
  <button
    className="user-btn"
    onClick={[Function]}
  >
    <Component />
  </button>
</div>
`;
